core_cm3.h:1480:22:__NVIC_SetPriorityGrouping	24	static
SDIO.c:28:10:SD_Init	16	static
SDIO.c:81:6:SDIO_Clock_Set	24	static
SDIO.c:92:6:SDIO_Send_Cmd	24	static
SDIO.c:109:6:SDIO_Send_Data_Cfg	32	static
SDIO.c:126:10:SD_PowerON	32	static
SDIO.c:208:10:SD_PowerOFF	4	static
SDIO.c:215:10:SD_InitializeCards	16	static
SDIO.c:258:10:SD_GetCardInfo	32	static
SDIO.c:380:10:SD_EnableWideBusOperation	24	static
SDIO.c:403:10:SD_SetDeviceMode	24	static
SDIO.c:413:10:SD_SelectDeselect	16	static
SDIO.c:422:10:SD_ReadBlock	56	static,ignoring_inline_asm
SDIO.c:514:10:SD_ReadMultiBlocks	48	static,ignoring_inline_asm
SDIO.c:619:10:SD_WriteBlock	72	static,ignoring_inline_asm
SDIO.c:748:10:SD_WriteMultiBlocks	72	static,ignoring_inline_asm
SDIO.c:880:6:SDIO_IRQHandler	8	static
SDIO.c:887:10:SD_ProcessIRQSrc	8	static
SDIO.c:941:10:CmdError	16	static
SDIO.c:955:10:CmdResp7Error	24	static
SDIO.c:981:10:CmdResp1Error	24	static
SDIO.c:1005:10:CmdResp3Error	16	static
SDIO.c:1023:10:CmdResp2Error	24	static
SDIO.c:1051:10:CmdResp6Error	32	static
SDIO.c:1091:10:SDEnWideBus	32	static
SDIO.c:1114:10:IsCardProgramming	24	static
SDIO.c:1139:10:SD_SendStatus	24	static
SDIO.c:1155:13:SD_GetState	16	static
SDIO.c:1165:10:FindSCR	32	static
SDIO.c:1218:9:convert_from_bytes_to_power_of_two	24	static
SDIO.c:1232:6:SD_DMA_Config	24	static
SDIO.c:1254:9:SD_ReadDisk	56	static
SDIO.c:1280:9:SD_WriteDisk	56	static
