Archive member included to satisfy reference by file (symbol)

/opt/st/stm32cubeide_1.1.0/plugins/com.st.stm32cube.ide.mcu.externaltools.gnu-tools-for-stm32.7-2018-q2-update.linux64_1.0.0.201904181610/tools/bin/../lib/gcc/arm-none-eabi/7.3.1/../../../../arm-none-eabi/lib/thumb/v7-m/libc_nano.a(lib_a-errno.o)
                              Core/Src/syscalls.o (__errno)
/opt/st/stm32cubeide_1.1.0/plugins/com.st.stm32cube.ide.mcu.externaltools.gnu-tools-for-stm32.7-2018-q2-update.linux64_1.0.0.201904181610/tools/bin/../lib/gcc/arm-none-eabi/7.3.1/../../../../arm-none-eabi/lib/thumb/v7-m/libc_nano.a(lib_a-exit.o)
                              /opt/st/stm32cubeide_1.1.0/plugins/com.st.stm32cube.ide.mcu.externaltools.gnu-tools-for-stm32.7-2018-q2-update.linux64_1.0.0.201904181610/tools/bin/../lib/gcc/arm-none-eabi/7.3.1/../../../../arm-none-eabi/lib/thumb/v7-m/crt0.o (exit)
/opt/st/stm32cubeide_1.1.0/plugins/com.st.stm32cube.ide.mcu.externaltools.gnu-tools-for-stm32.7-2018-q2-update.linux64_1.0.0.201904181610/tools/bin/../lib/gcc/arm-none-eabi/7.3.1/../../../../arm-none-eabi/lib/thumb/v7-m/libc_nano.a(lib_a-impure.o)
                              /opt/st/stm32cubeide_1.1.0/plugins/com.st.stm32cube.ide.mcu.externaltools.gnu-tools-for-stm32.7-2018-q2-update.linux64_1.0.0.201904181610/tools/bin/../lib/gcc/arm-none-eabi/7.3.1/../../../../arm-none-eabi/lib/thumb/v7-m/libc_nano.a(lib_a-exit.o) (_global_impure_ptr)
/opt/st/stm32cubeide_1.1.0/plugins/com.st.stm32cube.ide.mcu.externaltools.gnu-tools-for-stm32.7-2018-q2-update.linux64_1.0.0.201904181610/tools/bin/../lib/gcc/arm-none-eabi/7.3.1/../../../../arm-none-eabi/lib/thumb/v7-m/libc_nano.a(lib_a-init.o)
                              /opt/st/stm32cubeide_1.1.0/plugins/com.st.stm32cube.ide.mcu.externaltools.gnu-tools-for-stm32.7-2018-q2-update.linux64_1.0.0.201904181610/tools/bin/../lib/gcc/arm-none-eabi/7.3.1/../../../../arm-none-eabi/lib/thumb/v7-m/crt0.o (__libc_init_array)
/opt/st/stm32cubeide_1.1.0/plugins/com.st.stm32cube.ide.mcu.externaltools.gnu-tools-for-stm32.7-2018-q2-update.linux64_1.0.0.201904181610/tools/bin/../lib/gcc/arm-none-eabi/7.3.1/../../../../arm-none-eabi/lib/thumb/v7-m/libc_nano.a(lib_a-malloc.o)
                              Core/Src/FATFS14/ffsystem.o (malloc)
/opt/st/stm32cubeide_1.1.0/plugins/com.st.stm32cube.ide.mcu.externaltools.gnu-tools-for-stm32.7-2018-q2-update.linux64_1.0.0.201904181610/tools/bin/../lib/gcc/arm-none-eabi/7.3.1/../../../../arm-none-eabi/lib/thumb/v7-m/libc_nano.a(lib_a-memcpy-stub.o)
                              Core/Src/SDIO.o (memcpy)
/opt/st/stm32cubeide_1.1.0/plugins/com.st.stm32cube.ide.mcu.externaltools.gnu-tools-for-stm32.7-2018-q2-update.linux64_1.0.0.201904181610/tools/bin/../lib/gcc/arm-none-eabi/7.3.1/../../../../arm-none-eabi/lib/thumb/v7-m/libc_nano.a(lib_a-memset.o)
                              /opt/st/stm32cubeide_1.1.0/plugins/com.st.stm32cube.ide.mcu.externaltools.gnu-tools-for-stm32.7-2018-q2-update.linux64_1.0.0.201904181610/tools/bin/../lib/gcc/arm-none-eabi/7.3.1/../../../../arm-none-eabi/lib/thumb/v7-m/crt0.o (memset)
/opt/st/stm32cubeide_1.1.0/plugins/com.st.stm32cube.ide.mcu.externaltools.gnu-tools-for-stm32.7-2018-q2-update.linux64_1.0.0.201904181610/tools/bin/../lib/gcc/arm-none-eabi/7.3.1/../../../../arm-none-eabi/lib/thumb/v7-m/libc_nano.a(lib_a-nano-freer.o)
                              /opt/st/stm32cubeide_1.1.0/plugins/com.st.stm32cube.ide.mcu.externaltools.gnu-tools-for-stm32.7-2018-q2-update.linux64_1.0.0.201904181610/tools/bin/../lib/gcc/arm-none-eabi/7.3.1/../../../../arm-none-eabi/lib/thumb/v7-m/libc_nano.a(lib_a-malloc.o) (_free_r)
/opt/st/stm32cubeide_1.1.0/plugins/com.st.stm32cube.ide.mcu.externaltools.gnu-tools-for-stm32.7-2018-q2-update.linux64_1.0.0.201904181610/tools/bin/../lib/gcc/arm-none-eabi/7.3.1/../../../../arm-none-eabi/lib/thumb/v7-m/libc_nano.a(lib_a-nano-mallocr.o)
                              /opt/st/stm32cubeide_1.1.0/plugins/com.st.stm32cube.ide.mcu.externaltools.gnu-tools-for-stm32.7-2018-q2-update.linux64_1.0.0.201904181610/tools/bin/../lib/gcc/arm-none-eabi/7.3.1/../../../../arm-none-eabi/lib/thumb/v7-m/libc_nano.a(lib_a-malloc.o) (_malloc_r)
/opt/st/stm32cubeide_1.1.0/plugins/com.st.stm32cube.ide.mcu.externaltools.gnu-tools-for-stm32.7-2018-q2-update.linux64_1.0.0.201904181610/tools/bin/../lib/gcc/arm-none-eabi/7.3.1/../../../../arm-none-eabi/lib/thumb/v7-m/libc_nano.a(lib_a-sbrkr.o)
                              /opt/st/stm32cubeide_1.1.0/plugins/com.st.stm32cube.ide.mcu.externaltools.gnu-tools-for-stm32.7-2018-q2-update.linux64_1.0.0.201904181610/tools/bin/../lib/gcc/arm-none-eabi/7.3.1/../../../../arm-none-eabi/lib/thumb/v7-m/libc_nano.a(lib_a-nano-mallocr.o) (_sbrk_r)
/opt/st/stm32cubeide_1.1.0/plugins/com.st.stm32cube.ide.mcu.externaltools.gnu-tools-for-stm32.7-2018-q2-update.linux64_1.0.0.201904181610/tools/bin/../lib/gcc/arm-none-eabi/7.3.1/../../../../arm-none-eabi/lib/thumb/v7-m/libc_nano.a(lib_a-mlock.o)
[...]
Memory Configuration

Name             Origin             Length             Attributes
RAM              0x0000000020000000 0x0000000000010000 xrw
FLASH            0x0000000008000000 0x0000000000080000 xr
EXRAM            0x0000000068000000 0x0000000000000020 xrw
*default*        0x0000000000000000 0xffffffffffffffff

Linker script and memory map

LOAD /opt/st/stm32cubeide_1.1.0/plugins/com.st.stm32cube.ide.mcu.externaltools.gnu-tools-for-stm32.7-2018-q2-update.linux64_1.0.0.201904181610/tools/bin/../lib/gcc/arm-none-eabi/7.3.1/thumb/v7-m/crti.o
LOAD /opt/st/stm32cubeide_1.1.0/plugins/com.st.stm32cube.ide.mcu.externaltools.gnu-tools-for-stm32.7-2018-q2-update.linux64_1.0.0.201904181610/tools/bin/../lib/gcc/arm-none-eabi/7.3.1/thumb/v7-m/crtbegin.o
LOAD /opt/st/stm32cubeide_1.1.0/plugins/com.st.stm32cube.ide.mcu.externaltools.gnu-tools-for-stm32.7-2018-q2-update.linux64_1.0.0.201904181610/tools/bin/../lib/gcc/arm-none-eabi/7.3.1/../../../../arm-none-eabi/lib/thumb/v7-m/crt0.o
LOAD Core/Src/APPLICATION.o
LOAD Core/Src/Files_Handler.o
LOAD Core/Src/HardWare_INIT.o
LOAD Core/Src/LCD_FSMC.o
LOAD Core/Src/LCD_GUI.o
LOAD Core/Src/MALLOC.o
LOAD Core/Src/MENUS.o
LOAD Core/Src/NRF24L01P.o
LOAD Core/Src/SDIO.o
LOAD Core/Src/SPI.o
LOAD Core/Src/TOUCH.o
LOAD Core/Src/UNICODE.o
LOAD Core/Src/W25Q.o
LOAD Core/Src/main.o
LOAD Core/Src/stm32f1xx_hal_msp.o
LOAD Core/Src/stm32f1xx_it.o
LOAD Core/Src/syscalls.o
LOAD Core/Src/sysmem.o
LOAD Core/Src/system_stm32f1xx.o
LOAD Core/Src/FATFS14/HARDWARE.o
LOAD Core/Src/FATFS14/diskio.o
LOAD Core/Src/FATFS14/ff.o
LOAD Core/Src/FATFS14/ffsystem.o
LOAD Core/Src/FATFS14/ffunicode.o
LOAD Core/Startup/startup_stm32f103zetx.o
LOAD Drivers/STM32F1xx_HAL_Driver/Src/stm32f1xx_hal.o
LOAD Drivers/STM32F1xx_HAL_Driver/Src/stm32f1xx_hal_cortex.o
LOAD Drivers/STM32F1xx_HAL_Driver/Src/stm32f1xx_hal_dma.o
LOAD Drivers/STM32F1xx_HAL_Driver/Src/stm32f1xx_hal_exti.o
LOAD Drivers/STM32F1xx_HAL_Driver/Src/stm32f1xx_hal_flash.o
LOAD Drivers/STM32F1xx_HAL_Driver/Src/stm32f1xx_hal_flash_ex.o
LOAD Drivers/STM32F1xx_HAL_Driver/Src/stm32f1xx_hal_gpio.o
LOAD Drivers/STM32F1xx_HAL_Driver/Src/stm32f1xx_hal_gpio_ex.o
LOAD Drivers/STM32F1xx_HAL_Driver/Src/stm32f1xx_hal_pwr.o
LOAD Drivers/STM32F1xx_HAL_Driver/Src/stm32f1xx_hal_rcc.o
LOAD Drivers/STM32F1xx_HAL_Driver/Src/stm32f1xx_hal_rcc_ex.o
LOAD Drivers/STM32F1xx_HAL_Driver/Src/stm32f1xx_hal_tim.o
LOAD Drivers/STM32F1xx_HAL_Driver/Src/stm32f1xx_hal_tim_ex.o
START GROUP
LOAD /opt/st/stm32cubeide_1.1.0/plugins/com.st.stm32cube.ide.mcu.externaltools.gnu-tools-for-stm32.7-2018-q2-update.linux64_1.0.0.201904181610/tools/bin/../lib/gcc/arm-none-eabi/7.3.1/../../../../arm-none-eabi/lib/thumb/v7-m/libc_nano.a
LOAD /opt/st/stm32cubeide_1.1.0/plugins/com.st.stm32cube.ide.mcu.externaltools.gnu-tools-for-stm32.7-2018-q2-update.linux64_1.0.0.201904181610/tools/bin/../lib/gcc/arm-none-eabi/7.3.1/../../../../arm-none-eabi/lib/thumb/v7-m/libm.a
END GROUP
START GROUP
LOAD /opt/st/stm32cubeide_1.1.0/plugins/com.st.stm32cube.ide.mcu.externaltools.gnu-tools-for-stm32.7-2018-q2-update.linux64_1.0.0.201904181610/tools/bin/../lib/gcc/arm-none-eabi/7.3.1/thumb/v7-m/libgcc.a
LOAD /opt/st/stm32cubeide_1.1.0/plugins/com.st.stm32cube.ide.mcu.externaltools.gnu-tools-for-stm32.7-2018-q2-update.linux64_1.0.0.201904181610/tools/bin/../lib/gcc/arm-none-eabi/7.3.1/../../../../arm-none-eabi/lib/thumb/v7-m/libc_nano.a
END GROUP
START GROUP
LOAD /opt/st/stm32cubeide_1.1.0/plugins/com.st.stm32cube.ide.mcu.externaltools.gnu-tools-for-stm32.7-2018-q2-update.linux64_1.0.0.201904181610/tools/bin/../lib/gcc/arm-none-eabi/7.3.1/thumb/v7-m/libgcc.a
LOAD /opt/st/stm32cubeide_1.1.0/plugins/com.st.stm32cube.ide.mcu.externaltools.gnu-tools-for-stm32.7-2018-q2-update.linux64_1.0.0.201904181610/tools/bin/../lib/gcc/arm-none-eabi/7.3.1/../../../../arm-none-eabi/lib/thumb/v7-m/libc_nano.a
LOAD /opt/st/stm32cubeide_1.1.0/plugins/com.st.stm32cube.ide.mcu.externaltools.gnu-tools-for-stm32.7-2018-q2-update.linux64_1.0.0.201904181610/tools/bin/../lib/gcc/arm-none-eabi/7.3.1/../../../../arm-none-eabi/lib/thumb/v7-m/libnosys.a
END GROUP
START GROUP
LOAD /opt/st/stm32cubeide_1.1.0/plugins/com.st.stm32cube.ide.mcu.externaltools.gnu-tools-for-stm32.7-2018-q2-update.linux64_1.0.0.201904181610/tools/bin/../lib/gcc/arm-none-eabi/7.3.1/thumb/v7-m/libgcc.a
LOAD /opt/st/stm32cubeide_1.1.0/plugins/com.st.stm32cube.ide.mcu.externaltools.gnu-tools-for-stm32.7-2018-q2-update.linux64_1.0.0.201904181610/tools/bin/../lib/gcc/arm-none-eabi/7.3.1/../../../../arm-none-eabi/lib/thumb/v7-m/libc_nano.a
LOAD /opt/st/stm32cubeide_1.1.0/plugins/com.st.stm32cube.ide.mcu.externaltools.gnu-tools-for-stm32.7-2018-q2-update.linux64_1.0.0.201904181610/tools/bin/../lib/gcc/arm-none-eabi/7.3.1/../../../../arm-none-eabi/lib/thumb/v7-m/libnosys.a
END GROUP
LOAD /opt/st/stm32cubeide_1.1.0/plugins/com.st.stm32cube.ide.mcu.externaltools.gnu-tools-for-stm32.7-2018-q2-update.linux64_1.0.0.201904181610/tools/bin/../lib/gcc/arm-none-eabi/7.3.1/thumb/v7-m/crtend.o
LOAD /opt/st/stm32cubeide_1.1.0/plugins/com.st.stm32cube.ide.mcu.externaltools.gnu-tools-for-stm32.7-2018-q2-update.linux64_1.0.0.201904181610/tools/bin/../lib/gcc/arm-none-eabi/7.3.1/thumb/v7-m/crtn.o
                0x0000000020010000                _estack = (ORIGIN (RAM) + LENGTH (RAM))
                0x0000000000000200                _Min_Heap_Size = 0x200
                0x0000000000002000                _Min_Stack_Size = 0x2000

.exram_start    0x0000000068000000       0x20
 .exram_start   0x0000000068000000       0x20 Core/Src/MALLOC.o
                0x0000000068000000                mem2base

.exram_end      0x0000000068000020        0x2
 .exram_end     0x0000000068000020        0x2 Core/Src/MALLOC.o
                0x0000000068000020                mem2mapbase

.isr_vector     0x0000000008000000      0x1e4
                0x0000000008000000                . = ALIGN (0x4)
 *(.isr_vector)
 .isr_vector    0x0000000008000000      0x1e4 Core/Startup/startup_stm32f103zetx.o
                0x0000000008000000                g_pfnVectors
                0x00000000080001e4                . = ALIGN (0x4)

.text           0x00000000080001e8     0x38b4
                0x00000000080001e8                . = ALIGN (0x4)
 *(.text)
 .text          0x00000000080001e8       0x40 /opt/st/stm32cubeide_1.1.0/plugins/com.st.stm32cube.ide.mcu.externaltools.gnu-tools-for-stm32.7-2018-q2-update.linux64_1.0.0.201904181610/tools/bin/../lib/gcc/arm-none-eabi/7.3.1/thumb/v7-m/crtbegin.o
 .text          0x0000000008000228      0x378 /opt/st/stm32cubeide_1.1.0/plugins/com.st.stm32cube.ide.mcu.externaltools.gnu-tools-for-stm32.7-2018-q2-update.linux64_1.0.0.201904181610/tools/bin/../lib/gcc/arm-none-eabi/7.3.1/thumb/v7-m/libgcc.a(_arm_addsubdf3.o)
                0x0000000008000228                __aeabi_drsub
                0x0000000008000230                __aeabi_dsub
                0x0000000008000230                __subdf3
                0x0000000008000234                __adddf3
                0x0000000008000234                __aeabi_dadd
                0x00000000080004ac                __aeabi_ui2d
                0x00000000080004ac                __floatunsidf
                0x00000000080004cc                __floatsidf
                0x00000000080004cc                __aeabi_i2d
                0x00000000080004f0                __extendsfdf2
                0x00000000080004f0                __aeabi_f2d
                0x0000000008000534                __aeabi_ul2d
                0x0000000008000534                __floatundidf
                0x0000000008000544                __floatdidf
                0x0000000008000544                __aeabi_l2d
 .text          0x00000000080005a0      0x424 /opt/st/stm32cubeide_1.1.0/plugins/com.st.stm32cube.ide.mcu.externaltools.gnu-tools-for-stm32.7-2018-q2-update.linux64_1.0.0.201904181610/tools/bin/../lib/gcc/arm-none-eabi/7.3.1/thumb/v7-m/libgcc.a(_arm_muldivdf3.o)
                0x00000000080005a0                __aeabi_dmul
                0x00000000080005a0                __muldf3
                0x00000000080007f4                __aeabi_ddiv
                0x00000000080007f4                __divdf3
 .text          0x00000000080009c4       0x40 /opt/st/stm32cubeide_1.1.0/plugins/com.st.stm32cube.ide.mcu.externaltools.gnu-tools-for-stm32.7-2018-q2-update.linux64_1.0.0.201904181610/tools/bin/../lib/gcc/arm-none-eabi/7.3.1/thumb/v7-m/libgcc.a(_arm_fixunsdfsi.o)
                0x00000000080009c4                __fixunsdfsi
                0x00000000080009c4                __aeabi_d2uiz
 .text          0x0000000008000a04      0x21c /opt/st/stm32cubeide_1.1.0/plugins/com.st.stm32cube.ide.mcu.externaltools.gnu-tools-for-stm32.7-2018-q2-update.linux64_1.0.0.201904181610/tools/bin/../lib/gcc/arm-none-eabi/7.3.1/thumb/v7-m/libgcc.a(_arm_addsubsf3.o)
                0x0000000008000a04                __aeabi_frsub
                0x0000000008000a0c                __subsf3
                0x0000000008000a0c                __aeabi_fsub
                0x0000000008000a10                __aeabi_fadd
                0x0000000008000a10                __addsf3
                0x0000000008000b70                __aeabi_ui2f
                0x0000000008000b70                __floatunsisf
                0x0000000008000b78                __aeabi_i2f
                0x0000000008000b78                __floatsisf
                0x0000000008000b94                __floatundisf
                0x0000000008000b94                __aeabi_ul2f
                0x0000000008000ba4                __floatdisf
                0x0000000008000ba4                __aeabi_l2f
 .text          0x0000000008000c20      0x2a0 /opt/st/stm32cubeide_1.1.0/plugins/com.st.stm32cube.ide.mcu.externaltools.gnu-tools-for-stm32.7-2018-q2-update.linux64_1.0.0.201904181610/tools/bin/../lib/gcc/arm-none-eabi/7.3.1/thumb/v7-m/libgcc.a(_arm_muldivsf3.o)
                0x0000000008000c20                __mulsf3
                0x0000000008000c20                __aeabi_fmul
                0x0000000008000d88                __divsf3
                0x0000000008000d88                __aeabi_fdiv
 .text          0x0000000008000ec0       0x40 /opt/st/stm32cubeide_1.1.0/plugins/com.st.stm32cube.ide.mcu.externaltools.gnu-tools-for-stm32.7-2018-q2-update.linux64_1.0.0.201904181610/tools/bin/../lib/gcc/arm-none-eabi/7.3.1/thumb/v7-m/libgcc.a(_arm_fixunssfsi.o)
                0x0000000008000ec0                __aeabi_f2uiz
                0x0000000008000ec0                __fixunssfsi
 *(.text*)
 .text.JTAG_Set
                0x0000000008000f00       0x4c Core/Src/HardWare_INIT.o
                0x0000000008000f00                JTAG_Set
 .text.sysTick_Set
                0x0000000008000f4c       0x28 Core/Src/HardWare_INIT.o
                0x0000000008000f4c                sysTick_Set
 .text.MY_NVIC_SetVectorTable
                0x0000000008000f74       0x2c Core/Src/HardWare_INIT.o
                0x0000000008000f74                MY_NVIC_SetVectorTable
 .text.MYRCC_DeInit
                0x0000000008000fa0       0x80 Core/Src/HardWare_INIT.o
                0x0000000008000fa0                MYRCC_DeInit
 .text.RCC_INIT
                0x0000000008001020       0xac Core/Src/HardWare_INIT.o
                0x0000000008001020                RCC_INIT
 .text.FSMC_LCD_INIT
                0x00000000080010cc      0x1b8 Core/Src/HardWare_INIT.o
                0x00000000080010cc                FSMC_LCD_INIT
 .text.delay_us
                0x0000000008001284       0x2c Core/Src/LCD_FSMC.o
                0x0000000008001284                delay_us
 .text.delay_ms
                0x00000000080012b0       0x1a Core/Src/LCD_FSMC.o
                0x00000000080012b0                delay_ms
 *fill*         0x00000000080012ca        0x2 
 .text.LCD_WR_REG
                0x00000000080012cc       0x20 Core/Src/LCD_FSMC.o
                0x00000000080012cc                LCD_WR_REG
 .text.LCD_WR_DATA
                0x00000000080012ec       0x20 Core/Src/LCD_FSMC.o
                0x00000000080012ec                LCD_WR_DATA
 .text.LCD_WriteReg
                0x000000000800130c       0x30 Core/Src/LCD_FSMC.o
                0x000000000800130c                LCD_WriteReg
 .text.LCD_SetXY
                0x000000000800133c       0x58 Core/Src/LCD_FSMC.o
                0x000000000800133c                LCD_SetXY
 .text.LCD_Init
                0x0000000008001394      0x246 Core/Src/LCD_FSMC.o
                0x0000000008001394                LCD_Init
 .text.drawPoint
                0x00000000080015da       0x30 Core/Src/LCD_GUI.o
                0x00000000080015da                drawPoint
 .text.clearScreen
                0x000000000800160a       0x3c Core/Src/LCD_GUI.o
                0x000000000800160a                clearScreen
 .text.drawLine
                0x0000000008001646      0x14c Core/Src/LCD_GUI.o
                0x0000000008001646                drawLine
 .text.drawRect
                0x0000000008001792       0x6e Core/Src/LCD_GUI.o
                0x0000000008001792                drawRect
 .text.drawSquare
                0x0000000008001800       0x68 Core/Src/LCD_GUI.o
                0x0000000008001800                drawSquare
 .text.drawRectWithBorder
                0x0000000008001868       0xc6 Core/Src/LCD_GUI.o
                0x0000000008001868                drawRectWithBorder
 .text.draw16x8
                0x000000000800192e       0x98 Core/Src/LCD_GUI.o
                0x000000000800192e                draw16x8
 .text.draw16x16
                0x00000000080019c6       0x9c Core/Src/LCD_GUI.o
                0x00000000080019c6                draw16x16
 .text.printChar
                0x0000000008001a62       0x4e Core/Src/LCD_GUI.o
                0x0000000008001a62                printChar
 .text.printWord
                0x0000000008001ab0       0x4e Core/Src/LCD_GUI.o
                0x0000000008001ab0                printWord
 .text.printString
                0x0000000008001afe      0x114 Core/Src/LCD_GUI.o
                0x0000000008001afe                printString
 *fill*         0x0000000008001c12        0x2 
 .text.drawButton
                0x0000000008001c14       0xd4 Core/Src/LCD_GUI.o
                0x0000000008001c14                drawButton
 .text.ButtonCreate
                0x0000000008001ce8      0x15c Core/Src/LCD_GUI.o
                0x0000000008001ce8                ButtonCreate
 .text.ScreenScan
                0x0000000008001e44       0x38 Core/Src/LCD_GUI.o
                0x0000000008001e44                ScreenScan
 .text.ButtonsScan
                0x0000000008001e7c      0x1dc Core/Src/LCD_GUI.o
                0x0000000008001e7c                ButtonsScan
 .text.Button_dothings
                0x0000000008002058       0x84 Core/Src/LCD_GUI.o
                0x0000000008002058                Button_dothings
 .text.mymemset
                0x00000000080020dc       0x32 Core/Src/MALLOC.o
                0x00000000080020dc                mymemset
 *fill*         0x000000000800210e        0x2 
 .text.my_mem_init
                0x0000000008002110       0x60 Core/Src/MALLOC.o
                0x0000000008002110                my_mem_init
 .text.my_mem_perused
                0x0000000008002170       0x6c Core/Src/MALLOC.o
                0x0000000008002170                my_mem_perused
 .text.menu01_buttons_handler
                0x00000000080021dc       0x28 Core/Src/MENUS.o
                0x00000000080021dc                menu01_buttons_handler
 .text.menu01_handler
                0x0000000008002204      0x7c8 Core/Src/MENUS.o
                0x0000000008002204                menu01_handler
 .text.GUI_Menu01_Create
                0x00000000080029cc      0x254 Core/Src/MENUS.o
                0x00000000080029cc                GUI_Menu01_Create
 .text.GUI_Menu01_Scan
                0x0000000008002c20       0x1c Core/Src/MENUS.o
                0x0000000008002c20                GUI_Menu01_Scan
 .text.Menu01_loop
                0x0000000008002c3c       0x30 Core/Src/MENUS.o
                0x0000000008002c3c                Menu01_loop
 .text.Menu02_handler
                0x0000000008002c6c       0x70 Core/Src/MENUS.o
                0x0000000008002c6c                Menu02_handler
 .text.GUI_Menu02_Scan
                0x0000000008002cdc       0x1c Core/Src/MENUS.o
                0x0000000008002cdc                GUI_Menu02_Scan
 .text.GUI_Menu02_Create
                0x0000000008002cf8      0x194 Core/Src/MENUS.o
                0x0000000008002cf8                GUI_Menu02_Create
 .text.Menu02_loop
                0x0000000008002e8c       0x48 Core/Src/MENUS.o
                0x0000000008002e8c                Menu02_loop
 .text.NRF24L01_Write_Reg
                0x0000000008002ed4       0x48 Core/Src/NRF24L01P.o
                0x0000000008002ed4                NRF24L01_Write_Reg
 .text.NRF24L01_Read_Reg
                0x0000000008002f1c       0x40 Core/Src/NRF24L01P.o
                0x0000000008002f1c                NRF24L01_Read_Reg
 .text.NRF24L01_Write_Buf
                0x0000000008002f5c       0x60 Core/Src/NRF24L01P.o
                0x0000000008002f5c                NRF24L01_Write_Buf
 .text.NRF24L01_TxPacket
                0x0000000008002fbc       0x88 Core/Src/NRF24L01P.o
                0x0000000008002fbc                NRF24L01_TxPacket
 .text.SDIO_Send_Cmd
                0x0000000008003044       0x5c Core/Src/SDIO.o
                0x0000000008003044                SDIO_Send_Cmd
 .text.SDIO_IRQHandler
                0x00000000080030a0        0xc Core/Src/SDIO.o
                0x00000000080030a0                SDIO_IRQHandler
 .text.SD_ProcessIRQSrc
                0x00000000080030ac      0x174 Core/Src/SDIO.o
                0x00000000080030ac                SD_ProcessIRQSrc
 .text.CmdResp1Error
                0x0000000008003220       0x78 Core/Src/SDIO.o
                0x0000000008003220                CmdResp1Error
 .text.SPI2_SetSpeed
                0x0000000008003298       0x4c Core/Src/SPI.o
                0x0000000008003298                SPI2_SetSpeed
 .text.SPI2_ReadWriteByte
                0x00000000080032e4       0x70 Core/Src/SPI.o
                0x00000000080032e4                SPI2_ReadWriteByte
 .text.TOUCH_GPIO_Init
                0x0000000008003354       0xc0 Core/Src/TOUCH.o
                0x0000000008003354                TOUCH_GPIO_Init
 .text.TP_Write_Byte
                0x0000000008003414       0x70 Core/Src/TOUCH.o
                0x0000000008003414                TP_Write_Byte
 .text.TP_Read_AD
                0x0000000008003484       0xd4 Core/Src/TOUCH.o
                0x0000000008003484                TP_Read_AD
 .text.TP_Read_XOY
                0x0000000008003558      0x104 Core/Src/TOUCH.o
                0x0000000008003558                TP_Read_XOY
 .text.TP_Read_XY
                0x000000000800365c       0x34 Core/Src/TOUCH.o
                0x000000000800365c                TP_Read_XY
 .text.TP_Read_XY2
                0x0000000008003690       0xcc Core/Src/TOUCH.o
                0x0000000008003690                TP_Read_XY2
 *fill*         0x000000000800375c        0x4 
 .text.get_Pen_XY
                0x0000000008003760       0x9c Core/Src/TOUCH.o
                0x0000000008003760                get_Pen_XY
 .text.main     0x00000000080037fc       0xac Core/Src/main.o
                0x00000000080037fc                main
 .text.NMI_Handler
                0x00000000080038a8        0xc Core/Src/stm32f1xx_it.o
                0x00000000080038a8                NMI_Handler
 .text.HardFault_Handler
                0x00000000080038b4        0x6 Core/Src/stm32f1xx_it.o
                0x00000000080038b4                HardFault_Handler
 .text.MemManage_Handler
                0x00000000080038ba        0x6 Core/Src/stm32f1xx_it.o
                0x00000000080038ba                MemManage_Handler
 .text.BusFault_Handler
                0x00000000080038c0        0x6 Core/Src/stm32f1xx_it.o
                0x00000000080038c0                BusFault_Handler
 .text.UsageFault_Handler
                0x00000000080038c6        0x6 Core/Src/stm32f1xx_it.o
                0x00000000080038c6                UsageFault_Handler
 .text.SVC_Handler
                0x00000000080038cc        0xc Core/Src/stm32f1xx_it.o
                0x00000000080038cc                SVC_Handler
 .text.DebugMon_Handler
                0x00000000080038d8        0xc Core/Src/stm32f1xx_it.o
                0x00000000080038d8                DebugMon_Handler
 .text.PendSV_Handler
                0x00000000080038e4        0xc Core/Src/stm32f1xx_it.o
                0x00000000080038e4                PendSV_Handler
 .text.SysTick_Handler
                0x00000000080038f0        0xc Core/Src/stm32f1xx_it.o
                0x00000000080038f0                SysTick_Handler
 .text.SystemInit
                0x00000000080038fc       0x68 Core/Src/system_stm32f1xx.o
                0x00000000080038fc                SystemInit
 .text.Reset_Handler
                0x0000000008003964       0x48 Core/Startup/startup_stm32f103zetx.o
                0x0000000008003964                Reset_Handler
 .text.Default_Handler
                0x00000000080039ac        0x2 Core/Startup/startup_stm32f103zetx.o
                0x00000000080039ac                RTC_Alarm_IRQHandler
                0x00000000080039ac                EXTI2_IRQHandler
                0x00000000080039ac                TIM8_TRG_COM_IRQHandler
                0x00000000080039ac                TIM8_CC_IRQHandler
                0x00000000080039ac                TIM1_CC_IRQHandler
                0x00000000080039ac                TIM6_IRQHandler
                0x00000000080039ac                PVD_IRQHandler
                0x00000000080039ac                EXTI3_IRQHandler
                0x00000000080039ac                EXTI0_IRQHandler
                0x00000000080039ac                I2C2_EV_IRQHandler
                0x00000000080039ac                ADC1_2_IRQHandler
                0x00000000080039ac                SPI1_IRQHandler
                0x00000000080039ac                TAMPER_IRQHandler
                0x00000000080039ac                TIM8_UP_IRQHandler
                0x00000000080039ac                DMA2_Channel2_IRQHandler
                0x00000000080039ac                DMA1_Channel4_IRQHandler
                0x00000000080039ac                USART3_IRQHandler
                0x00000000080039ac                RTC_IRQHandler
                0x00000000080039ac                DMA1_Channel7_IRQHandler
                0x00000000080039ac                CAN1_RX1_IRQHandler
                0x00000000080039ac                UART5_IRQHandler
                0x00000000080039ac                ADC3_IRQHandler
                0x00000000080039ac                TIM4_IRQHandler
                0x00000000080039ac                DMA2_Channel1_IRQHandler
                0x00000000080039ac                I2C1_EV_IRQHandler
                0x00000000080039ac                DMA1_Channel6_IRQHandler
                0x00000000080039ac                UART4_IRQHandler
                0x00000000080039ac                TIM3_IRQHandler
                0x00000000080039ac                RCC_IRQHandler
                0x00000000080039ac                TIM1_TRG_COM_IRQHandler
                0x00000000080039ac                DMA1_Channel1_IRQHandler
                0x00000000080039ac                Default_Handler
                0x00000000080039ac                EXTI15_10_IRQHandler
                0x00000000080039ac                TIM7_IRQHandler
                0x00000000080039ac                TIM5_IRQHandler
                0x00000000080039ac                EXTI9_5_IRQHandler
                0x00000000080039ac                SPI2_IRQHandler
                0x00000000080039ac                DMA1_Channel5_IRQHandler
                0x00000000080039ac                EXTI4_IRQHandler
                0x00000000080039ac                USB_LP_CAN1_RX0_IRQHandler
                0x00000000080039ac                USB_HP_CAN1_TX_IRQHandler
                0x00000000080039ac                DMA1_Channel3_IRQHandler
                0x00000000080039ac                FSMC_IRQHandler
                0x00000000080039ac                TIM1_UP_IRQHandler
                0x00000000080039ac                WWDG_IRQHandler
                0x00000000080039ac                TIM2_IRQHandler
                0x00000000080039ac                TIM1_BRK_IRQHandler
                0x00000000080039ac                EXTI1_IRQHandler
                0x00000000080039ac                DMA2_Channel4_5_IRQHandler
                0x00000000080039ac                USART2_IRQHandler
                0x00000000080039ac                I2C2_ER_IRQHandler
                0x00000000080039ac                DMA1_Channel2_IRQHandler
                0x00000000080039ac                TIM8_BRK_IRQHandler
                0x00000000080039ac                CAN1_SCE_IRQHandler
                0x00000000080039ac                FLASH_IRQHandler
                0x00000000080039ac                USART1_IRQHandler
                0x00000000080039ac                SPI3_IRQHandler
                0x00000000080039ac                I2C1_ER_IRQHandler
                0x00000000080039ac                USBWakeUp_IRQHandler
                0x00000000080039ac                DMA2_Channel3_IRQHandler
 *fill*         0x00000000080039ae        0x2 
 .text.HAL_IncTick
                0x00000000080039b0       0x24 Drivers/STM32F1xx_HAL_Driver/Src/stm32f1xx_hal.o
                0x00000000080039b0                HAL_IncTick
 .text.HAL_GetTick
                0x00000000080039d4       0x14 Drivers/STM32F1xx_HAL_Driver/Src/stm32f1xx_hal.o
                0x00000000080039d4                HAL_GetTick
 .text.HAL_Delay
                0x00000000080039e8       0x44 Drivers/STM32F1xx_HAL_Driver/Src/stm32f1xx_hal.o
                0x00000000080039e8                HAL_Delay
 .text.__libc_init_array
                0x0000000008003a2c       0x48 /opt/st/stm32cubeide_1.1.0/plugins/com.st.stm32cube.ide.mcu.externaltools.gnu-tools-for-stm32.7-2018-q2-update.linux64_1.0.0.201904181610/tools/bin/../lib/gcc/arm-none-eabi/7.3.1/../../../../arm-none-eabi/lib/thumb/v7-m/libc_nano.a(lib_a-init.o)
                0x0000000008003a2c                __libc_init_array
 .text.memset   0x0000000008003a74       0x10 /opt/st/stm32cubeide_1.1.0/plugins/com.st.stm32cube.ide.mcu.externaltools.gnu-tools-for-stm32.7-2018-q2-update.linux64_1.0.0.201904181610/tools/bin/../lib/gcc/arm-none-eabi/7.3.1/../../../../arm-none-eabi/lib/thumb/v7-m/libc_nano.a(lib_a-memset.o)
                0x0000000008003a74                memset
 *(.glue_7)
 .glue_7        0x0000000008003a84        0x0 linker stubs
 *(.glue_7t)
 .glue_7t       0x0000000008003a84        0x0 linker stubs
 *(.eh_frame)
 .eh_frame      0x0000000008003a84        0x0 /opt/st/stm32cubeide_1.1.0/plugins/com.st.stm32cube.ide.mcu.externaltools.gnu-tools-for-stm32.7-2018-q2-update.linux64_1.0.0.201904181610/tools/bin/../lib/gcc/arm-none-eabi/7.3.1/thumb/v7-m/crtbegin.o
 *(.init)
 .init          0x0000000008003a84        0x4 /opt/st/stm32cubeide_1.1.0/plugins/com.st.stm32cube.ide.mcu.externaltools.gnu-tools-for-stm32.7-2018-q2-update.linux64_1.0.0.201904181610/tools/bin/../lib/gcc/arm-none-eabi/7.3.1/thumb/v7-m/crti.o
                0x0000000008003a84                _init
 .init          0x0000000008003a88        0x8 /opt/st/stm32cubeide_1.1.0/plugins/com.st.stm32cube.ide.mcu.externaltools.gnu-tools-for-stm32.7-2018-q2-update.linux64_1.0.0.201904181610/tools/bin/../lib/gcc/arm-none-eabi/7.3.1/thumb/v7-m/crtn.o
 *(.fini)
 .fini          0x0000000008003a90        0x4 /opt/st/stm32cubeide_1.1.0/plugins/com.st.stm32cube.ide.mcu.externaltools.gnu-tools-for-stm32.7-2018-q2-update.linux64_1.0.0.201904181610/tools/bin/../lib/gcc/arm-none-eabi/7.3.1/thumb/v7-m/crti.o
                0x0000000008003a90                _fini
 .fini          0x0000000008003a94        0x8 /opt/st/stm32cubeide_1.1.0/plugins/com.st.stm32cube.ide.mcu.externaltools.gnu-tools-for-stm32.7-2018-q2-update.linux64_1.0.0.201904181610/tools/bin/../lib/gcc/arm-none-eabi/7.3.1/thumb/v7-m/crtn.o
                0x0000000008003a9c                . = ALIGN (0x4)
                0x0000000008003a9c                _etext = .

.vfp11_veneer   0x0000000008003a9c        0x0
 .vfp11_veneer  0x0000000008003a9c        0x0 linker stubs

.v4_bx          0x0000000008003a9c        0x0
 .v4_bx         0x0000000008003a9c        0x0 linker stubs

.iplt           0x0000000008003a9c        0x0
 .iplt          0x0000000008003a9c        0x0 /opt/st/stm32cubeide_1.1.0/plugins/com.st.stm32cube.ide.mcu.externaltools.gnu-tools-for-stm32.7-2018-q2-update.linux64_1.0.0.201904181610/tools/bin/../lib/gcc/arm-none-eabi/7.3.1/thumb/v7-m/crtbegin.o

.rodata         0x0000000008003a9c       0xb4
                0x0000000008003a9c                . = ALIGN (0x4)
 *(.rodata)
 .rodata        0x0000000008003a9c       0x16 Core/Src/LCD_GUI.o
 *fill*         0x0000000008003ab2        0x2 
 .rodata        0x0000000008003ab4       0x3f Core/Src/MENUS.o
 *fill*         0x0000000008003af3        0x1 
 .rodata        0x0000000008003af4        0x4 Core/Src/main.o
 *(.rodata*)
 .rodata.WordTable
                0x0000000008003af8       0x48 Core/Src/LCD_GUI.o
                0x0000000008003af8                WordTable
 .rodata.memtblsize
                0x0000000008003b40        0x8 Core/Src/MALLOC.o
                0x0000000008003b40                memtblsize
 .rodata.memsize
                0x0000000008003b48        0x8 Core/Src/MALLOC.o
                0x0000000008003b48                memsize
                0x0000000008003b50                . = ALIGN (0x4)

.rel.dyn        0x0000000008003b50        0x0
 .rel.iplt      0x0000000008003b50        0x0 /opt/st/stm32cubeide_1.1.0/plugins/com.st.stm32cube.ide.mcu.externaltools.gnu-tools-for-stm32.7-2018-q2-update.linux64_1.0.0.201904181610/tools/bin/../lib/gcc/arm-none-eabi/7.3.1/thumb/v7-m/crtbegin.o

.ARM.extab      0x0000000008003b50        0x0
                0x0000000008003b50                . = ALIGN (0x4)
 *(.ARM.extab* .gnu.linkonce.armextab.*)
                0x0000000008003b50                . = ALIGN (0x4)

.ARM            0x0000000008003b50        0x0
                0x0000000008003b50                . = ALIGN (0x4)
                0x0000000008003b50                __exidx_start = .
 *(.ARM.exidx*)
                0x0000000008003b50                __exidx_end = .
                0x0000000008003b50                . = ALIGN (0x4)

.preinit_array  0x0000000008003b50        0x0
                0x0000000008003b50                . = ALIGN (0x4)
                0x0000000008003b50                PROVIDE (__preinit_array_start = .)
 *(.preinit_array*)
                0x0000000008003b50                PROVIDE (__preinit_array_end = .)
                0x0000000008003b50                . = ALIGN (0x4)

.init_array     0x0000000008003b50        0x4
                0x0000000008003b50                . = ALIGN (0x4)
                0x0000000008003b50                PROVIDE (__init_array_start = .)
 *(SORT_BY_NAME(.init_array.*))
 *(.init_array*)
 .init_array    0x0000000008003b50        0x4 /opt/st/stm32cubeide_1.1.0/plugins/com.st.stm32cube.ide.mcu.externaltools.gnu-tools-for-stm32.7-2018-q2-update.linux64_1.0.0.201904181610/tools/bin/../lib/gcc/arm-none-eabi/7.3.1/thumb/v7-m/crtbegin.o
                0x0000000008003b54                PROVIDE (__init_array_end = .)
                0x0000000008003b54                . = ALIGN (0x4)

.fini_array     0x0000000008003b54        0x4
                0x0000000008003b54                . = ALIGN (0x4)
                [!provide]                        PROVIDE (__fini_array_start = .)
 *(SORT_BY_NAME(.fini_array.*))
 *(.fini_array*)
 .fini_array    0x0000000008003b54        0x4 /opt/st/stm32cubeide_1.1.0/plugins/com.st.stm32cube.ide.mcu.externaltools.gnu-tools-for-stm32.7-2018-q2-update.linux64_1.0.0.201904181610/tools/bin/../lib/gcc/arm-none-eabi/7.3.1/thumb/v7-m/crtbegin.o
                [!provide]                        PROVIDE (__fini_array_end = .)
                0x0000000008003b58                . = ALIGN (0x4)
                0x0000000008003b58                _sidata = LOADADDR (.data)

.data           0x0000000020000000      0x680 load address 0x0000000008003b58
                0x0000000020000000                . = ALIGN (0x4)
                0x0000000020000000                _sdata = .
 *(.data)
 *(.data*)
 .data.CharTable
                0x0000000020000000      0x660 Core/Src/LCD_GUI.o
                0x0000000020000000                CharTable
 .data.mallco_dev
                0x0000000020000660       0x1c Core/Src/MALLOC.o
                0x0000000020000660                mallco_dev
 .data.uwTickFreq
                0x000000002000067c        0x1 Drivers/STM32F1xx_HAL_Driver/Src/stm32f1xx_hal.o
                0x000000002000067c                uwTickFreq
                0x0000000020000680                . = ALIGN (0x4)
 *fill*         0x000000002000067d        0x3 
                0x0000000020000680                _edata = .

.igot.plt       0x0000000020000680        0x0 load address 0x00000000080041d8
 .igot.plt      0x0000000020000680        0x0 /opt/st/stm32cubeide_1.1.0/plugins/com.st.stm32cube.ide.mcu.externaltools.gnu-tools-for-stm32.7-2018-q2-update.linux64_1.0.0.201904181610/tools/bin/../lib/gcc/arm-none-eabi/7.3.1/thumb/v7-m/crtbegin.o
                0x0000000020000680                . = ALIGN (0x4)

.bss            0x0000000020000680     0x5634 load address 0x00000000080041d8
                0x0000000020000680                _sbss = .
                0x0000000020000680                __bss_start__ = _sbss
 *(.bss)
 .bss           0x0000000020000680       0x1c /opt/st/stm32cubeide_1.1.0/plugins/com.st.stm32cube.ide.mcu.externaltools.gnu-tools-for-stm32.7-2018-q2-update.linux64_1.0.0.201904181610/tools/bin/../lib/gcc/arm-none-eabi/7.3.1/thumb/v7-m/crtbegin.o
 *(.bss*)
 .bss.buttons   0x000000002000069c      0x320 Core/Src/LCD_GUI.o
                0x000000002000069c                buttons
 .bss.buttons_counter
                0x00000000200009bc        0x1 Core/Src/LCD_GUI.o
                0x00000000200009bc                buttons_counter
 .bss.gui_menus_counter
                0x00000000200009bd        0x1 Core/Src/MENUS.o
                0x00000000200009bd                gui_menus_counter
 .bss.menu01_button_flag
                0x00000000200009be        0x1 Core/Src/MENUS.o
                0x00000000200009be                menu01_button_flag
 *fill*         0x00000000200009bf        0x1 
 .bss.menu01_button_new_click
                0x00000000200009c0        0x2 Core/Src/MENUS.o
                0x00000000200009c0                menu01_button_new_click
 *fill*         0x00000000200009c2        0x2 
 .bss.warehouseStatus
                0x00000000200009c4        0x4 Core/Src/MENUS.o
                0x00000000200009c4                warehouseStatus
 .bss.carStatus
                0x00000000200009c8        0x1 Core/Src/MENUS.o
                0x00000000200009c8                carStatus
 .bss.menu_flag
                0x00000000200009c9        0x1 Core/Src/MENUS.o
                0x00000000200009c9                menu_flag
 .bss.stm_flag  0x00000000200009ca        0x1 Core/Src/MENUS.o
                0x00000000200009ca                stm_flag
 .bss.ldm_flag  0x00000000200009cb        0x1 Core/Src/MENUS.o
                0x00000000200009cb                ldm_flag
 .bss.warehouse_choice
                0x00000000200009cc        0x1 Core/Src/MENUS.o
                0x00000000200009cc                warehouse_choice
 .bss.menu01_last_button_flag
                0x00000000200009cd        0x1 Core/Src/MENUS.o
                0x00000000200009cd                menu01_last_button_flag
 .bss.car_location
                0x00000000200009ce        0x1 Core/Src/MENUS.o
                0x00000000200009ce                car_location
 .bss.StopCondition
                0x00000000200009cf        0x1 Core/Src/SDIO.o
 .bss.TransferError
                0x00000000200009d0        0x1 Core/Src/SDIO.o
                0x00000000200009d0                TransferError
 .bss.TransferEnd
                0x00000000200009d1        0x1 Core/Src/SDIO.o
                0x00000000200009d1                TransferEnd
 *fill*         0x00000000200009d2        0x2 
 .bss.tbuf      0x00000000200009d4      0x400 Core/Src/main.o
                0x00000000200009d4                tbuf
 *(COMMON)
 COMMON         0x0000000020000dd4        0x4 Core/Src/LCD_GUI.o
                0x0000000020000dd4                gui_touch_x
                0x0000000020000dd6                gui_touch_y
 *fill*         0x0000000020000dd8        0x8 
 COMMON         0x0000000020000de0     0x4400 Core/Src/MALLOC.o
                0x0000000020000de0                mem1mapbase
                0x00000000200011e0                mem1base
 COMMON         0x00000000200051e0       0x20 Core/Src/MENUS.o
                0x00000000200051e0                gui_menus
 COMMON         0x0000000020005200      0xab0 Core/Src/main.o
                0x0000000020005200                fs
                0x00000000200058e8                finfo
                0x0000000020005a08                fl
                0x0000000020005c60                dir
 COMMON         0x0000000020005cb0        0x4 Drivers/STM32F1xx_HAL_Driver/Src/stm32f1xx_hal.o
                0x0000000020005cb0                uwTick
                0x0000000020005cb4                . = ALIGN (0x4)
                0x0000000020005cb4                _ebss = .
                0x0000000020005cb4                __bss_end__ = _ebss

._user_heap_stack
                0x0000000020005cb4     0x2204 load address 0x00000000080041d8
                0x0000000020005cb8                . = ALIGN (0x8)
 *fill*         0x0000000020005cb4        0x4 
                0x0000000020005cb8                PROVIDE (end = .)
                [!provide]                        PROVIDE (_end = .)
                0x0000000020005eb8                . = (. + _Min_Heap_Size)
 *fill*         0x0000000020005cb8      0x200 
                0x0000000020007eb8                . = (. + _Min_Stack_Size)
 *fill*         0x0000000020005eb8     0x2000 
                0x0000000020007eb8                . = ALIGN (0x8)

/DISCARD/
 libc.a(*)
 libm.a(*)
 libgcc.a(*)

.ARM.attributes
                0x0000000000000000       0x29
 *(.ARM.attributes)
 .ARM.attributes
                0x0000000000000000       0x1d /opt/st/stm32cubeide_1.1.0/plugins/com.st.stm32cube.ide.mcu.externaltools.gnu-tools-for-stm32.7-2018-q2-update.linux64_1.0.0.201904181610/tools/bin/../lib/gcc/arm-none-eabi/7.3.1/thumb/v7-m/crti.o
 .ARM.attributes
                0x000000000000001d       0x2d /opt/st/stm32cubeide_1.1.0/plugins/com.st.stm32cube.ide.mcu.externaltools.gnu-tools-for-stm32.7-2018-q2-update.linux64_1.0.0.201904181610/tools/bin/../lib/gcc/arm-none-eabi/7.3.1/thumb/v7-m/crtbegin.o
 .ARM.attributes
                0x000000000000004a       0x33 Core/Src/HardWare_INIT.o
 .ARM.attributes
                0x000000000000007d       0x33 Core/Src/LCD_FSMC.o
 .ARM.attributes
                0x00000000000000b0       0x33 Core/Src/LCD_GUI.o
 .ARM.attributes
                0x00000000000000e3       0x33 Core/Src/MALLOC.o
 .ARM.attributes
                0x0000000000000116       0x33 Core/Src/MENUS.o
 .ARM.attributes
                0x0000000000000149       0x33 Core/Src/NRF24L01P.o
 .ARM.attributes
                0x000000000000017c       0x33 Core/Src/SDIO.o
 .ARM.attributes
                0x00000000000001af       0x33 Core/Src/SPI.o
 .ARM.attributes
                0x00000000000001e2       0x33 Core/Src/TOUCH.o
 .ARM.attributes
                0x0000000000000215       0x33 Core/Src/main.o
 .ARM.attributes
                0x0000000000000248       0x33 Core/Src/stm32f1xx_it.o
 .ARM.attributes
                0x000000000000027b       0x33 Core/Src/system_stm32f1xx.o
 .ARM.attributes
                0x00000000000002ae       0x21 Core/Startup/startup_stm32f103zetx.o
 .ARM.attributes
                0x00000000000002cf       0x33 Drivers/STM32F1xx_HAL_Driver/Src/stm32f1xx_hal.o
 .ARM.attributes
                0x0000000000000302       0x2d /opt/st/stm32cubeide_1.1.0/plugins/com.st.stm32cube.ide.mcu.externaltools.gnu-tools-for-stm32.7-2018-q2-update.linux64_1.0.0.201904181610/tools/bin/../lib/gcc/arm-none-eabi/7.3.1/../../../../arm-none-eabi/lib/thumb/v7-m/libc_nano.a(lib_a-init.o)
 .ARM.attributes
                0x000000000000032f       0x2d /opt/st/stm32cubeide_1.1.0/plugins/com.st.stm32cube.ide.mcu.externaltools.gnu-tools-for-stm32.7-2018-q2-update.linux64_1.0.0.201904181610/tools/bin/../lib/gcc/arm-none-eabi/7.3.1/../../../../arm-none-eabi/lib/thumb/v7-m/libc_nano.a(lib_a-memset.o)
 .ARM.attributes
                0x000000000000035c       0x1d /opt/st/stm32cubeide_1.1.0/plugins/com.st.stm32cube.ide.mcu.externaltools.gnu-tools-for-stm32.7-2018-q2-update.linux64_1.0.0.201904181610/tools/bin/../lib/gcc/arm-none-eabi/7.3.1/thumb/v7-m/libgcc.a(_arm_addsubdf3.o)
 .ARM.attributes
                0x0000000000000379       0x1d /opt/st/stm32cubeide_1.1.0/plugins/com.st.stm32cube.ide.mcu.externaltools.gnu-tools-for-stm32.7-2018-q2-update.linux64_1.0.0.201904181610/tools/bin/../lib/gcc/arm-none-eabi/7.3.1/thumb/v7-m/libgcc.a(_arm_muldivdf3.o)
 .ARM.attributes
                0x0000000000000396       0x1d /opt/st/stm32cubeide_1.1.0/plugins/com.st.stm32cube.ide.mcu.externaltools.gnu-tools-for-stm32.7-2018-q2-update.linux64_1.0.0.201904181610/tools/bin/../lib/gcc/arm-none-eabi/7.3.1/thumb/v7-m/libgcc.a(_arm_fixunsdfsi.o)
 .ARM.attributes
                0x00000000000003b3       0x1d /opt/st/stm32cubeide_1.1.0/plugins/com.st.stm32cube.ide.mcu.externaltools.gnu-tools-for-stm32.7-2018-q2-update.linux64_1.0.0.201904181610/tools/bin/../lib/gcc/arm-none-eabi/7.3.1/thumb/v7-m/libgcc.a(_arm_addsubsf3.o)
 .ARM.attributes
                0x00000000000003d0       0x1d /opt/st/stm32cubeide_1.1.0/plugins/com.st.stm32cube.ide.mcu.externaltools.gnu-tools-for-stm32.7-2018-q2-update.linux64_1.0.0.201904181610/tools/bin/../lib/gcc/arm-none-eabi/7.3.1/thumb/v7-m/libgcc.a(_arm_muldivsf3.o)
 .ARM.attributes
                0x00000000000003ed       0x1d /opt/st/stm32cubeide_1.1.0/plugins/com.st.stm32cube.ide.mcu.externaltools.gnu-tools-for-stm32.7-2018-q2-update.linux64_1.0.0.201904181610/tools/bin/../lib/gcc/arm-none-eabi/7.3.1/thumb/v7-m/libgcc.a(_arm_fixunssfsi.o)
 .ARM.attributes
                0x000000000000040a       0x1d /opt/st/stm32cubeide_1.1.0/plugins/com.st.stm32cube.ide.mcu.externaltools.gnu-tools-for-stm32.7-2018-q2-update.linux64_1.0.0.201904181610/tools/bin/../lib/gcc/arm-none-eabi/7.3.1/thumb/v7-m/crtn.o
OUTPUT(biye_station.elf elf32-littlearm)

.debug_info     0x0000000000000000     0xe0cd
 .debug_info    0x0000000000000000     0x1226 Core/Src/HardWare_INIT.o
 .debug_info    0x0000000000001226      0xe6a Core/Src/LCD_FSMC.o
 .debug_info    0x0000000000002090     0x1cc3 Core/Src/LCD_GUI.o
 .debug_info    0x0000000000003d53     0x1093 Core/Src/MALLOC.o
 .debug_info    0x0000000000004de6     0x106e Core/Src/MENUS.o
 .debug_info    0x0000000000005e54     0x1273 Core/Src/NRF24L01P.o
 .debug_info    0x00000000000070c7     0x218a Core/Src/SDIO.o
 .debug_info    0x0000000000009251      0xf03 Core/Src/SPI.o
 .debug_info    0x000000000000a154     0x122c Core/Src/TOUCH.o
 .debug_info    0x000000000000b380     0x13f9 Core/Src/main.o
 .debug_info    0x000000000000c779      0xd9b Core/Src/stm32f1xx_it.o
 .debug_info    0x000000000000d514      0x433 Core/Src/system_stm32f1xx.o
 .debug_info    0x000000000000d947       0x22 Core/Startup/startup_stm32f103zetx.o
 .debug_info    0x000000000000d969      0x764 Drivers/STM32F1xx_HAL_Driver/Src/stm32f1xx_hal.o

.debug_abbrev   0x0000000000000000     0x1d59
 .debug_abbrev  0x0000000000000000      0x231 Core/Src/HardWare_INIT.o
 .debug_abbrev  0x0000000000000231      0x222 Core/Src/LCD_FSMC.o
 .debug_abbrev  0x0000000000000453      0x315 Core/Src/LCD_GUI.o
 .debug_abbrev  0x0000000000000768      0x281 Core/Src/MALLOC.o
 .debug_abbrev  0x00000000000009e9      0x22a Core/Src/MENUS.o
 .debug_abbrev  0x0000000000000c13      0x23a Core/Src/NRF24L01P.o
 .debug_abbrev  0x0000000000000e4d      0x398 Core/Src/SDIO.o
 .debug_abbrev  0x00000000000011e5      0x1f6 Core/Src/SPI.o
 .debug_abbrev  0x00000000000013db      0x24c Core/Src/TOUCH.o
 .debug_abbrev  0x0000000000001627      0x267 Core/Src/main.o
 .debug_abbrev  0x000000000000188e      0x1ad Core/Src/stm32f1xx_it.o
 .debug_abbrev  0x0000000000001a3b      0x134 Core/Src/system_stm32f1xx.o
 .debug_abbrev  0x0000000000001b6f       0x12 Core/Startup/startup_stm32f103zetx.o
 .debug_abbrev  0x0000000000001b81      0x1d8 Drivers/STM32F1xx_HAL_Driver/Src/stm32f1xx_hal.o

.debug_aranges  0x0000000000000000      0x600
 .debug_aranges
                0x0000000000000000       0x48 Core/Src/HardWare_INIT.o
 .debug_aranges
                0x0000000000000048       0x60 Core/Src/LCD_FSMC.o
 .debug_aranges
                0x00000000000000a8       0xb8 Core/Src/LCD_GUI.o
 .debug_aranges
                0x0000000000000160       0x60 Core/Src/MALLOC.o
 .debug_aranges
                0x00000000000001c0       0x60 Core/Src/MENUS.o
 .debug_aranges
                0x0000000000000220       0x70 Core/Src/NRF24L01P.o
 .debug_aranges
                0x0000000000000290      0x120 Core/Src/SDIO.o
 .debug_aranges
                0x00000000000003b0       0x30 Core/Src/SPI.o
 .debug_aranges
                0x00000000000003e0       0x50 Core/Src/TOUCH.o
 .debug_aranges
                0x0000000000000430       0x40 Core/Src/main.o
 .debug_aranges
                0x0000000000000470       0x60 Core/Src/stm32f1xx_it.o
 .debug_aranges
                0x00000000000004d0       0x28 Core/Src/system_stm32f1xx.o
 .debug_aranges
                0x00000000000004f8       0x28 Core/Startup/startup_stm32f103zetx.o
 .debug_aranges
                0x0000000000000520       0xe0 Drivers/STM32F1xx_HAL_Driver/Src/stm32f1xx_hal.o

.debug_ranges   0x0000000000000000      0x528
 .debug_ranges  0x0000000000000000       0x38 Core/Src/HardWare_INIT.o
 .debug_ranges  0x0000000000000038       0x50 Core/Src/LCD_FSMC.o
 .debug_ranges  0x0000000000000088       0xa8 Core/Src/LCD_GUI.o
 .debug_ranges  0x0000000000000130       0x50 Core/Src/MALLOC.o
 .debug_ranges  0x0000000000000180       0x50 Core/Src/MENUS.o
 .debug_ranges  0x00000000000001d0       0x60 Core/Src/NRF24L01P.o
 .debug_ranges  0x0000000000000230      0x110 Core/Src/SDIO.o
 .debug_ranges  0x0000000000000340       0x20 Core/Src/SPI.o
 .debug_ranges  0x0000000000000360       0x40 Core/Src/TOUCH.o
 .debug_ranges  0x00000000000003a0       0x30 Core/Src/main.o
 .debug_ranges  0x00000000000003d0       0x50 Core/Src/stm32f1xx_it.o
 .debug_ranges  0x0000000000000420       0x18 Core/Src/system_stm32f1xx.o
 .debug_ranges  0x0000000000000438       0x20 Core/Startup/startup_stm32f103zetx.o
 .debug_ranges  0x0000000000000458       0xd0 Drivers/STM32F1xx_HAL_Driver/Src/stm32f1xx_hal.o

.debug_macro    0x0000000000000000     0x24ad
 .debug_macro   0x0000000000000000      0x300 Core/Src/HardWare_INIT.o
 .debug_macro   0x0000000000000300      0x310 Core/Src/LCD_FSMC.o
 .debug_macro   0x0000000000000610      0x304 Core/Src/LCD_GUI.o
 .debug_macro   0x0000000000000914      0x306 Core/Src/MALLOC.o
 .debug_macro   0x0000000000000c1a       0x3a Core/Src/MALLOC.o
 .debug_macro   0x0000000000000c54      0x304 Core/Src/MENUS.o
 .debug_macro   0x0000000000000f58      0x30a Core/Src/NRF24L01P.o
 .debug_macro   0x0000000000001262      0x300 Core/Src/SDIO.o
 .debug_macro   0x0000000000001562      0x306 Core/Src/SPI.o
 .debug_macro   0x0000000000001868      0x323 Core/Src/TOUCH.o
 .debug_macro   0x0000000000001b8b      0x2fc Core/Src/main.o
 .debug_macro   0x0000000000001e87      0x306 Core/Src/stm32f1xx_it.o
 .debug_macro   0x000000000000218d      0x181 Core/Src/system_stm32f1xx.o
 .debug_macro   0x000000000000230e      0x19f Drivers/STM32F1xx_HAL_Driver/Src/stm32f1xx_hal.o

.debug_line     0x0000000000000000     0x7d21
 .debug_line    0x0000000000000000      0x8b7 Core/Src/HardWare_INIT.o
 .debug_line    0x00000000000008b7      0x912 Core/Src/LCD_FSMC.o
 .debug_line    0x00000000000011c9      0xc15 Core/Src/LCD_GUI.o
 .debug_line    0x0000000000001dde      0x940 Core/Src/MALLOC.o
 .debug_line    0x000000000000271e      0x962 Core/Src/MENUS.o
 .debug_line    0x0000000000003080      0x968 Core/Src/NRF24L01P.o
 .debug_line    0x00000000000039e8     0x1226 Core/Src/SDIO.o
 .debug_line    0x0000000000004c0e      0x84d Core/Src/SPI.o
 .debug_line    0x000000000000545b      0x96e Core/Src/TOUCH.o
 .debug_line    0x0000000000005dc9      0x88d Core/Src/main.o
 .debug_line    0x0000000000006656      0x8ab Core/Src/stm32f1xx_it.o
 .debug_line    0x0000000000006f01      0x5fa Core/Src/system_stm32f1xx.o
 .debug_line    0x00000000000074fb       0x84 Core/Startup/startup_stm32f103zetx.o
 .debug_line    0x000000000000757f      0x7a2 Drivers/STM32F1xx_HAL_Driver/Src/stm32f1xx_hal.o

.debug_str      0x0000000000000000    0x7807c
 .debug_str     0x0000000000000000    0x7630c Core/Src/HardWare_INIT.o
                                      0x7671f (size before relaxing)
 .debug_str     0x000000000007630c      0x110 Core/Src/LCD_FSMC.o
                                      0x76656 (size before relaxing)
 .debug_str     0x000000000007641c      0x4a3 Core/Src/LCD_GUI.o
                                      0x76a65 (size before relaxing)
 .debug_str     0x00000000000768bf       0xd9 Core/Src/MALLOC.o
                                      0x7663c (size before relaxing)
 .debug_str     0x0000000000076998      0x180 Core/Src/MENUS.o
                                      0x76790 (size before relaxing)
 .debug_str     0x0000000000076b18      0x1be Core/Src/NRF24L01P.o
                                      0x7676f (size before relaxing)
 .debug_str     0x0000000000076cd6      0xb3d Core/Src/SDIO.o
                                      0x7726e (size before relaxing)
 .debug_str     0x0000000000077813       0x53 Core/Src/SPI.o
                                      0x7661d (size before relaxing)
 .debug_str     0x0000000000077866      0x110 Core/Src/TOUCH.o
                                      0x76730 (size before relaxing)
 .debug_str     0x0000000000077976      0x21c Core/Src/main.o
                                      0x768e6 (size before relaxing)
 .debug_str     0x0000000000077b92       0xbd Core/Src/stm32f1xx_it.o
                                      0x76603 (size before relaxing)
 .debug_str     0x0000000000077c4f       0x6e Core/Src/system_stm32f1xx.o
                                      0x7106e (size before relaxing)
 .debug_str     0x0000000000077cbd       0x36 Core/Startup/startup_stm32f103zetx.o
                                         0x75 (size before relaxing)
 .debug_str     0x0000000000077cf3      0x389 Drivers/STM32F1xx_HAL_Driver/Src/stm32f1xx_hal.o
                                      0x71763 (size before relaxing)

.comment        0x0000000000000000       0x7b
 .comment       0x0000000000000000       0x7b Core/Src/HardWare_INIT.o
                                         0x7c (size before relaxing)
 .comment       0x000000000000007b       0x7c Core/Src/LCD_FSMC.o
 .comment       0x000000000000007b       0x7c Core/Src/LCD_GUI.o
 .comment       0x000000000000007b       0x7c Core/Src/MALLOC.o
 .comment       0x000000000000007b       0x7c Core/Src/MENUS.o
 .comment       0x000000000000007b       0x7c Core/Src/NRF24L01P.o
 .comment       0x000000000000007b       0x7c Core/Src/SDIO.o
 .comment       0x000000000000007b       0x7c Core/Src/SPI.o
 .comment       0x000000000000007b       0x7c Core/Src/TOUCH.o
 .comment       0x000000000000007b       0x7c Core/Src/main.o
 .comment       0x000000000000007b       0x7c Core/Src/stm32f1xx_it.o
 .comment       0x000000000000007b       0x7c Core/Src/system_stm32f1xx.o
 .comment       0x000000000000007b       0x7c Drivers/STM32F1xx_HAL_Driver/Src/stm32f1xx_hal.o

.debug_frame    0x0000000000000000     0x1788
 .debug_frame   0x0000000000000000       0xe0 Core/Src/HardWare_INIT.o
 .debug_frame   0x00000000000000e0      0x158 Core/Src/LCD_FSMC.o
 .debug_frame   0x0000000000000238      0x31c Core/Src/LCD_GUI.o
 .debug_frame   0x0000000000000554      0x160 Core/Src/MALLOC.o
 .debug_frame   0x00000000000006b4      0x140 Core/Src/MENUS.o
 .debug_frame   0x00000000000007f4      0x198 Core/Src/NRF24L01P.o
 .debug_frame   0x000000000000098c      0x500 Core/Src/SDIO.o
 .debug_frame   0x0000000000000e8c       0x7c Core/Src/SPI.o
 .debug_frame   0x0000000000000f08      0x118 Core/Src/TOUCH.o
 .debug_frame   0x0000000000001020       0xbc Core/Src/main.o
 .debug_frame   0x00000000000010dc      0x10c Core/Src/stm32f1xx_it.o
 .debug_frame   0x00000000000011e8       0x58 Core/Src/system_stm32f1xx.o
 .debug_frame   0x0000000000001240      0x334 Drivers/STM32F1xx_HAL_Driver/Src/stm32f1xx_hal.o
 .debug_frame   0x0000000000001574       0x2c /opt/st/stm32cubeide_1.1.0/plugins/com.st.stm32cube.ide.mcu.externaltools.gnu-tools-for-stm32.7-2018-q2-update.linux64_1.0.0.201904181610/tools/bin/../lib/gcc/arm-none-eabi/7.3.1/../../../../arm-none-eabi/lib/thumb/v7-m/libc_nano.a(lib_a-init.o)
 .debug_frame   0x00000000000015a0       0x20 /opt/st/stm32cubeide_1.1.0/plugins/com.st.stm32cube.ide.mcu.externaltools.gnu-tools-for-stm32.7-2018-q2-update.linux64_1.0.0.201904181610/tools/bin/../lib/gcc/arm-none-eabi/7.3.1/../../../../arm-none-eabi/lib/thumb/v7-m/libc_nano.a(lib_a-memset.o)
 .debug_frame   0x00000000000015c0       0xac /opt/st/stm32cubeide_1.1.0/plugins/com.st.stm32cube.ide.mcu.externaltools.gnu-tools-for-stm32.7-2018-q2-update.linux64_1.0.0.201904181610/tools/bin/../lib/gcc/arm-none-eabi/7.3.1/thumb/v7-m/libgcc.a(_arm_addsubdf3.o)
 .debug_frame   0x000000000000166c       0x50 /opt/st/stm32cubeide_1.1.0/plugins/com.st.stm32cube.ide.mcu.externaltools.gnu-tools-for-stm32.7-2018-q2-update.linux64_1.0.0.201904181610/tools/bin/../lib/gcc/arm-none-eabi/7.3.1/thumb/v7-m/libgcc.a(_arm_muldivdf3.o)
 .debug_frame   0x00000000000016bc       0x24 /opt/st/stm32cubeide_1.1.0/plugins/com.st.stm32cube.ide.mcu.externaltools.gnu-tools-for-stm32.7-2018-q2-update.linux64_1.0.0.201904181610/tools/bin/../lib/gcc/arm-none-eabi/7.3.1/thumb/v7-m/libgcc.a(_arm_fixunsdfsi.o)
 .debug_frame   0x00000000000016e0       0x4c /opt/st/stm32cubeide_1.1.0/plugins/com.st.stm32cube.ide.mcu.externaltools.gnu-tools-for-stm32.7-2018-q2-update.linux64_1.0.0.201904181610/tools/bin/../lib/gcc/arm-none-eabi/7.3.1/thumb/v7-m/libgcc.a(_arm_addsubsf3.o)
 .debug_frame   0x000000000000172c       0x38 /opt/st/stm32cubeide_1.1.0/plugins/com.st.stm32cube.ide.mcu.externaltools.gnu-tools-for-stm32.7-2018-q2-update.linux64_1.0.0.201904181610/tools/bin/../lib/gcc/arm-none-eabi/7.3.1/thumb/v7-m/libgcc.a(_arm_muldivsf3.o)
 .debug_frame   0x0000000000001764       0x24 /opt/st/stm32cubeide_1.1.0/plugins/com.st.stm32cube.ide.mcu.externaltools.gnu-tools-for-stm32.7-2018-q2-update.linux64_1.0.0.201904181610/tools/bin/../lib/gcc/arm-none-eabi/7.3.1/thumb/v7-m/libgcc.a(_arm_fixunssfsi.o)
